6
7
9
7
3
75
27
60
200
5.85
15.892200000000003
5
15
12
20
6
5
69
69
69
69
